[2026-09-12 08:53:13.3096] Actuator Control for set 0point complete.
[2026-09-12 08:53:13.3156] 
[2026-09-12 08:53:13.3156] > 
[2026-09-12 08:56:42.5825] BIAS set complete.
[2026-09-12 08:56:42.5825] 
[2026-09-12 08:56:42.5825] > 
[2026-09-12 08:56:42.5889] EP set complete.
[2026-09-12 08:56:42.5889] 
[2026-09-12 08:56:42.5889] > 
[2026-09-12 08:56:58.9435] Start complete. result:0
[2026-09-12 08:56:58.9435] 
[2026-09-12 08:56:58.9435] > 
[2026-09-12 08:57:36.2502] BIAS set complete.
[2026-09-12 08:57:36.2502] 
[2026-09-12 08:57:36.2512] > 
[2026-09-12 08:57:44.0932] 
[2026-09-12 08:57:44.0945] > 
[2026-09-12 09:00:38.5534] 
[2026-09-12 09:00:38.5534] > 
[2026-09-12 09:00:50.0772] 
[2026-09-12 09:00:50.0772] > 
[2026-09-12 09:02:35.0374] 
[2026-09-12 09:02:35.0374] > 
[2026-09-12 09:02:37.4939] 
[2026-09-12 09:02:37.4939] > 
[2026-09-12 09:11:39.0667] 
[2026-09-12 09:11:39.0677] > 
[2026-09-12 09:11:45.8217] 
[2026-09-12 09:11:45.8217] > 
[2026-09-12 09:12:24.1068] Stop complete. result:0
[2026-09-12 09:12:24.1068] 
[2026-09-12 09:12:24.1068] > 
[2026-09-12 09:12:27.5825] BIAS set complete.
[2026-09-12 09:12:27.5835] 
[2026-09-12 09:12:27.5835] > 
[2026-09-12 09:12:27.6077] EP set complete.
[2026-09-12 09:12:27.6077] 
[2026-09-12 09:12:27.6077] > 
[2026-09-12 09:12:31.4890] Start complete. result:0
[2026-09-12 09:12:31.4890] 
[2026-09-12 09:12:31.4890] > 
[2026-09-12 09:12:35.7801] BIAS set complete.
[2026-09-12 09:12:35.7801] 
[2026-09-12 09:12:35.7801] > 
[2026-09-12 09:12:38.6336] 
[2026-09-12 09:12:38.6336] > 
[2026-09-12 09:13:01.6719] 
[2026-09-12 09:13:01.6719] > 
[2026-09-12 09:13:29.0982] Stop complete. result:0
[2026-09-12 09:13:29.0982] 
[2026-09-12 09:13:29.0982] > 
[2026-09-12 09:13:32.4597] BIAS set complete.
[2026-09-12 09:13:32.4597] 
[2026-09-12 09:13:32.4597] > 
[2026-09-12 09:13:32.4652] EP set complete.
[2026-09-12 09:13:32.4652] 
[2026-09-12 09:13:32.4652] > 
[2026-09-12 09:13:37.4574] Start complete. result:0
[2026-09-12 09:13:37.4574] 
[2026-09-12 09:13:37.4574] > 
[2026-09-12 09:13:41.9435] Stop complete. result:0
[2026-09-12 09:13:41.9435] 
[2026-09-12 09:13:41.9435] > 
[2026-09-12 09:13:43.3051] BIAS set complete.
[2026-09-12 09:13:43.3051] 
[2026-09-12 09:13:43.3051] > 
[2026-09-12 09:13:43.3154] EP set complete.
[2026-09-12 09:13:43.3154] 
[2026-09-12 09:13:43.3154] > 
[2026-09-12 09:13:44.2096] Start complete. result:0
[2026-09-12 09:13:44.2096] 
[2026-09-12 09:13:44.2096] > 
[2026-09-12 09:13:45.5490] BIAS set complete.
[2026-09-12 09:13:45.5490] 
[2026-09-12 09:13:45.5490] > 
[2026-09-12 09:13:50.3120] 
[2026-09-12 09:13:50.3120] > 
[2026-09-12 09:14:44.7757] BIAS set complete.
[2026-09-12 09:14:44.7757] 
[2026-09-12 09:14:44.7757] > 
[2026-09-12 09:14:44.7961] EP set complete.
[2026-09-12 09:14:44.7961] 
[2026-09-12 09:14:44.7961] > 
[2026-09-12 09:14:45.5713] Stop complete. result:0
[2026-09-12 09:14:45.5723] 
[2026-09-12 09:14:45.5723] > 
[2026-09-12 09:15:07.5684] 
[2026-09-12 09:15:07.5684] > 
[2026-09-12 09:15:07.6204] 
[2026-09-12 09:15:07.6204] > 
[2026-09-12 09:15:07.6915] 
[2026-09-12 09:15:07.6915] > 
[2026-09-12 09:15:07.6967] 
[2026-09-12 09:15:07.6967] > 
[2026-09-12 09:15:07.7068] 
[2026-09-12 09:15:07.7068] > 
[2026-09-12 09:15:07.7108] 
[2026-09-12 09:15:07.7108] > 
[2026-09-12 09:15:07.7205] 
[2026-09-12 09:15:07.7275] > 
[2026-09-12 09:15:07.7308] 
[2026-09-12 09:15:07.7308] > 
[2026-09-12 09:15:07.7416] 
[2026-09-12 09:15:07.7416] > 
[2026-09-12 09:15:07.7468] 
[2026-09-12 09:15:07.7468] > 
[2026-09-12 09:15:07.7551] 
[2026-09-12 09:15:07.7551] > 
[2026-09-12 09:15:07.7573] 
[2026-09-12 09:15:07.7573] > 
[2026-09-12 09:15:07.7640] 
[2026-09-12 09:15:07.7640] > 
[2026-09-12 09:15:07.7665] 
[2026-09-12 09:15:07.7665] > 
[2026-09-12 09:15:07.7768] 
[2026-09-12 09:15:07.7768] > 
[2026-09-12 09:15:07.7790] 
[2026-09-12 09:15:07.7790] > 
[2026-09-12 09:15:07.7871] 
[2026-09-12 09:15:07.7871] > 
[2026-09-12 09:15:07.7911] 
[2026-09-12 09:15:07.7911] > 
[2026-09-12 09:15:07.8031] 
[2026-09-12 09:15:07.8031] > 
[2026-09-12 09:15:07.8062] 
[2026-09-12 09:15:07.8062] > 
[2026-09-12 09:15:07.8186] 
[2026-09-12 09:15:07.8186] > 
[2026-09-12 09:15:07.8207] 
[2026-09-12 09:15:07.8219] > 
[2026-09-12 09:15:07.8354] 
[2026-09-12 09:15:07.8354] > 
[2026-09-12 09:15:07.8383] 
[2026-09-12 09:15:07.8383] > 
[2026-09-12 09:15:07.8475] 
[2026-09-12 09:15:07.8475] > 
[2026-09-12 09:15:07.8505] 
[2026-09-12 09:15:07.8505] > 
[2026-09-12 09:15:07.8601] 
[2026-09-12 09:15:07.8601] > 
[2026-09-12 09:15:07.8631] 
[2026-09-12 09:15:07.8631] > 
[2026-09-12 09:15:07.8791] 
[2026-09-12 09:15:07.8791] > 
[2026-09-12 09:15:07.8831] 
[2026-09-12 09:15:07.8841] > 
[2026-09-12 09:15:07.8954] 
[2026-09-12 09:15:07.8954] > 
[2026-09-12 09:15:07.8994] 
[2026-09-12 09:15:07.8994] > 
[2026-09-12 09:15:07.9094] 
[2026-09-12 09:15:07.9104] > 
[2026-09-12 09:15:07.9164] 
[2026-09-12 09:15:07.9164] > 
[2026-09-12 09:15:07.9265] 
[2026-09-12 09:15:07.9265] > 
[2026-09-12 09:15:07.9321] 
[2026-09-12 09:15:07.9321] > 
[2026-09-12 09:15:07.9395] 
[2026-09-12 09:15:07.9395] > 
[2026-09-12 09:15:07.9421] 
[2026-09-12 09:15:07.9421] > 
[2026-09-12 09:15:07.9539] 
[2026-09-12 09:15:07.9539] > 
[2026-09-12 09:15:07.9600] 
[2026-09-12 09:15:07.9600] > 
[2026-09-12 09:15:07.9684] 
[2026-09-12 09:15:07.9684] > 
[2026-09-12 09:15:07.9794] 
[2026-09-12 09:15:07.9794] > 
[2026-09-12 09:15:07.9858] 
[2026-09-12 09:15:07.9868] > 
[2026-09-12 09:15:07.9898] 
[2026-09-12 09:15:07.9898] > 
[2026-09-12 09:15:07.9988] 
[2026-09-12 09:15:07.9988] > 
[2026-09-12 09:15:08.0016] 
[2026-09-12 09:15:08.0016] > 
[2026-09-12 09:15:08.0142] 
[2026-09-12 09:15:08.0142] > 
[2026-09-12 09:15:08.0172] 
[2026-09-12 09:15:08.0172] > 
[2026-09-12 09:15:08.0282] 
[2026-09-12 09:15:08.0282] > 
[2026-09-12 09:15:08.0320] 
[2026-09-12 09:15:08.0320] > 
[2026-09-12 09:15:08.0401] 
[2026-09-12 09:15:08.0401] > 
[2026-09-12 09:15:08.0440] 
[2026-09-12 09:15:08.0440] > 
[2026-09-12 09:15:08.0554] 
[2026-09-12 09:15:08.0554] > 
[2026-09-12 09:15:08.0585] 
[2026-09-12 09:15:08.0585] > 
[2026-09-12 09:15:08.0741] 
[2026-09-12 09:15:08.0741] > 
[2026-09-12 09:15:08.0773] 
[2026-09-12 09:15:08.0773] > 
[2026-09-12 09:15:08.0867] 
[2026-09-12 09:15:08.0867] > 
[2026-09-12 09:15:08.0903] 
[2026-09-12 09:15:08.0903] > 
[2026-09-12 09:15:08.0977] 
[2026-09-12 09:15:08.0977] > 
[2026-09-12 09:15:08.1034] 
[2026-09-12 09:15:08.1034] > 
[2026-09-12 09:15:08.1117] 
[2026-09-12 09:15:08.1117] > 
[2026-09-12 09:15:08.1148] 
[2026-09-12 09:15:08.1148] > 
[2026-09-12 09:15:08.1258] 
[2026-09-12 09:15:08.1258] > 
[2026-09-12 09:15:08.1288] 
[2026-09-12 09:15:08.1298] > 
[2026-09-12 09:15:08.1379] 
[2026-09-12 09:15:08.1379] > 
[2026-09-12 09:15:08.1410] 
[2026-09-12 09:15:08.1410] > 
[2026-09-12 09:15:08.1528] 
[2026-09-12 09:15:08.1528] > 
[2026-09-12 09:15:08.1559] 
[2026-09-12 09:15:08.1559] > 
[2026-09-12 09:15:08.1718] 
[2026-09-12 09:15:08.1718] > 
[2026-09-12 09:15:08.1769] 
[2026-09-12 09:15:08.1769] > 
[2026-09-12 09:15:08.1886] 
[2026-09-12 09:15:08.1886] > 
[2026-09-12 09:15:08.1941] 
[2026-09-12 09:15:08.1941] > 
[2026-09-12 09:15:08.2092] 
[2026-09-12 09:15:08.2092] > 
[2026-09-12 09:15:08.2144] 
[2026-09-12 09:15:08.2154] > 
[2026-09-12 09:15:08.2294] 
[2026-09-12 09:15:08.2294] > 
[2026-09-12 09:15:08.2361] 
[2026-09-12 09:15:08.2361] > 
[2026-09-12 09:15:08.2472] 
[2026-09-12 09:15:08.2472] > 
[2026-09-12 09:15:08.2528] 
[2026-09-12 09:15:08.2528] > 
[2026-09-12 09:15:08.2650] 
[2026-09-12 09:15:08.2650] > 
[2026-09-12 09:15:11.6069] BIAS set complete.
[2026-09-12 09:15:11.6069] 
[2026-09-12 09:15:11.6079] > 
[2026-09-12 09:15:11.6210] EP set complete.
[2026-09-12 09:15:11.6210] 
[2026-09-12 09:15:11.6220] > 
[2026-09-12 09:15:12.5159] Start complete. result:0
[2026-09-12 09:15:12.5159] 
[2026-09-12 09:15:12.5159] > 
[2026-09-12 09:15:14.9350] BIAS set complete.
[2026-09-12 09:15:14.9350] 
[2026-09-12 09:15:14.9350] > 
[2026-09-12 09:15:21.3692] BIAS set complete.
[2026-09-12 09:15:21.3692] 
[2026-09-12 09:15:21.3702] > 
[2026-09-12 09:15:22.3302] BIAS set complete.
[2026-09-12 09:15:22.3302] 
[2026-09-12 09:15:22.3302] > 
[2026-09-12 09:15:22.3396] EP set complete.
[2026-09-12 09:15:22.3396] 
[2026-09-12 09:15:22.3396] > 
[2026-09-12 09:15:25.0342] BIAS set complete.
[2026-09-12 09:15:25.0342] 
[2026-09-12 09:15:25.0342] > 
[2026-09-12 09:15:25.0442] EP set complete.
[2026-09-12 09:15:25.0442] 
[2026-09-12 09:15:25.0442] > 
[2026-09-12 09:15:30.6805] BIAS set complete.
[2026-09-12 09:15:30.6805] 
[2026-09-12 09:15:30.6805] > 
[2026-09-12 09:15:31.4995] 
[2026-09-12 09:15:31.5005] > 
[2026-09-12 09:18:23.2151] Stop error : -7
[2026-09-12 09:18:23.2151] 
[2026-09-12 09:18:23.2151] > 
