[2026-09-12 09:20:10.9570] BIAS set complete.
[2026-09-12 09:20:10.9630] 
[2026-09-12 09:20:10.9630] > 
[2026-09-12 09:20:11.0052] EP set complete.
[2026-09-12 09:20:11.0052] 
[2026-09-12 09:20:11.0052] > 
[2026-09-12 09:20:21.3960] Actuator Control for set 0point complete.
[2026-09-12 09:20:21.3970] 
[2026-09-12 09:20:21.3970] > 
[2026-09-12 09:20:29.3906] Start complete. result:0
[2026-09-12 09:20:29.3906] 
[2026-09-12 09:20:29.3906] > 
[2026-09-12 09:21:40.9593] Setting change : 0
[2026-09-12 09:21:40.9603] 
[2026-09-12 09:21:40.9603] > 
[2026-09-12 09:21:40.9673] Setting change : 0
[2026-09-12 09:21:40.9673] 
[2026-09-12 09:21:40.9673] > 
[2026-09-12 09:21:40.9751] Setting change : 0
[2026-09-12 09:21:40.9751] 
[2026-09-12 09:21:40.9751] > 
[2026-09-12 09:21:40.9811] Setting change : 0
[2026-09-12 09:21:40.9821] 
[2026-09-12 09:21:40.9821] > 
[2026-09-12 09:21:40.9891] Setting change : 0
[2026-09-12 09:21:40.9891] 
[2026-09-12 09:21:40.9891] > 
[2026-09-12 09:21:40.9961] Setting change : 0
[2026-09-12 09:21:40.9961] 
[2026-09-12 09:21:40.9961] > 
[2026-09-12 09:21:41.0044] Setting change : 0
[2026-09-12 09:21:41.0054] 
[2026-09-12 09:21:41.0054] > 
[2026-09-12 09:21:41.0124] Setting change : 0
[2026-09-12 09:21:41.0134] 
[2026-09-12 09:21:41.0134] > 
[2026-09-12 09:21:41.0295] Setting change : 0
[2026-09-12 09:21:41.0295] 
[2026-09-12 09:21:41.0295] > 
[2026-09-12 09:21:41.0384] Setting change : 0
[2026-09-12 09:21:41.0384] 
[2026-09-12 09:21:41.0384] > 
[2026-09-12 09:21:41.0466] Setting change : 0
[2026-09-12 09:21:41.0466] 
[2026-09-12 09:21:41.0466] > 
[2026-09-12 09:21:41.0556] Setting change : 0
[2026-09-12 09:21:41.0556] 
[2026-09-12 09:21:41.0556] > 
[2026-09-12 09:21:41.0639] Setting change : 0
[2026-09-12 09:21:41.0650] 
[2026-09-12 09:21:41.0650] > 
[2026-09-12 09:21:41.0752] Setting change : 0
[2026-09-12 09:21:41.0752] 
[2026-09-12 09:21:41.0752] > 
[2026-09-12 09:21:41.0839] Setting change : 0
[2026-09-12 09:21:41.0839] 
[2026-09-12 09:21:41.0839] > 
[2026-09-12 09:21:41.0909] Setting change : 0
[2026-09-12 09:21:41.0919] 
[2026-09-12 09:21:41.0919] > 
[2026-09-12 09:21:41.0978] Setting change : 0
[2026-09-12 09:21:41.0988] 
[2026-09-12 09:21:41.0988] > 
[2026-09-12 09:21:41.1070] Setting change : 0
[2026-09-12 09:21:41.1070] 
[2026-09-12 09:21:41.1070] > 
[2026-09-12 09:21:41.1151] Setting change : 0
[2026-09-12 09:21:41.1151] 
[2026-09-12 09:21:41.1151] > 
[2026-09-12 09:21:41.1219] Setting change : 0
[2026-09-12 09:21:41.1230] 
[2026-09-12 09:21:41.1230] > 
[2026-09-12 09:21:41.1296] Setting change : 0
[2026-09-12 09:21:41.1296] 
[2026-09-12 09:21:41.1296] > 
[2026-09-12 09:21:41.1367] Setting change : 0
[2026-09-12 09:21:41.1377] 
[2026-09-12 09:21:41.1377] > 
[2026-09-12 09:21:41.1452] Setting change : 0
[2026-09-12 09:21:41.1452] 
[2026-09-12 09:21:41.1452] > 
[2026-09-12 09:21:41.1522] Setting change : 0
[2026-09-12 09:21:41.1522] 
[2026-09-12 09:21:41.1522] > 
[2026-09-12 09:21:41.1600] Setting change : 0
[2026-09-12 09:21:41.1600] 
[2026-09-12 09:21:41.1600] > 
[2026-09-12 09:21:41.1671] Setting change : 0
[2026-09-12 09:21:41.1671] 
[2026-09-12 09:21:41.1671] > 
[2026-09-12 09:21:41.1733] Setting change : 0
[2026-09-12 09:21:41.1733] 
[2026-09-12 09:21:41.1733] > 
[2026-09-12 09:21:41.1809] Setting change : 0
[2026-09-12 09:21:41.1809] 
[2026-09-12 09:21:41.1809] > 
[2026-09-12 09:21:41.1859] Setting change : 0
[2026-09-12 09:21:41.1859] 
[2026-09-12 09:21:41.1859] > 
[2026-09-12 09:21:41.1915] Setting change : 0
[2026-09-12 09:21:41.1915] 
[2026-09-12 09:21:41.1925] > 
[2026-09-12 09:21:41.1997] Setting change : 0
[2026-09-12 09:21:41.1997] 
[2026-09-12 09:21:41.2006] > 
[2026-09-12 09:21:41.2130] Setting change : 0
[2026-09-12 09:21:41.2130] 
[2026-09-12 09:21:41.2130] > 
[2026-09-12 09:21:41.2210] Setting change : 0
[2026-09-12 09:21:41.2210] 
[2026-09-12 09:21:41.2210] > 
[2026-09-12 09:21:41.2294] Setting change : 0
[2026-09-12 09:21:41.2294] 
[2026-09-12 09:21:41.2294] > 
[2026-09-12 09:21:41.2453] Setting change : 0
[2026-09-12 09:21:41.2468] 
[2026-09-12 09:21:41.2468] > 
[2026-09-12 09:21:41.2552] Setting change : 0
[2026-09-12 09:21:41.2552] 
[2026-09-12 09:21:41.2552] > 
[2026-09-12 09:21:41.2638] Setting change : 0
[2026-09-12 09:21:41.2638] 
[2026-09-12 09:21:41.2638] > 
[2026-09-12 09:21:41.2732] Setting change : 0
[2026-09-12 09:21:41.2732] 
[2026-09-12 09:21:41.2732] > 
[2026-09-12 09:21:46.7097] BIAS set complete.
[2026-09-12 09:21:46.7097] 
[2026-09-12 09:21:46.7097] > 
[2026-09-12 09:21:49.2623] 
[2026-09-12 09:21:49.2623] > 
[2026-09-12 09:24:16.4519] 
[2026-09-12 09:24:16.4519] > 
[2026-09-12 09:24:18.5244] 
[2026-09-12 09:24:18.5244] > 
[2026-09-12 09:26:26.9826] 
[2026-09-12 09:26:26.9826] > 
[2026-09-12 09:26:28.1320] PiezoTraining Start error : -3
[2026-09-12 09:26:28.1320] 
[2026-09-12 09:26:28.1330] > 
[2026-09-12 09:27:06.4821] 
[2026-09-12 09:27:06.4821] > 
[2026-09-12 09:29:22.7153] 
[2026-09-12 09:29:22.7153] > 
[2026-09-12 09:29:26.1518] 
[2026-09-12 09:29:26.1528] > 
[2026-09-12 09:29:41.3055] Stop complete. result:0
[2026-09-12 09:29:41.3055] 
[2026-09-12 09:29:41.3055] > 
[2026-09-12 09:29:43.1730] BIAS set complete.
[2026-09-12 09:29:43.1730] 
[2026-09-12 09:29:43.1730] > 
[2026-09-12 09:29:43.1820] EP set complete.
[2026-09-12 09:29:43.1820] 
[2026-09-12 09:29:43.1820] > 
[2026-09-12 09:29:46.7570] Start complete. result:0
[2026-09-12 09:29:46.7576] 
[2026-09-12 09:29:46.7576] > 
[2026-09-12 09:29:48.4258] BIAS set complete.
[2026-09-12 09:29:48.4258] 
[2026-09-12 09:29:48.4258] > 
[2026-09-12 09:29:50.9993] 
[2026-09-12 09:29:51.0003] > 
[2026-09-12 09:31:23.0994] 
[2026-09-12 09:31:23.0994] > 
[2026-09-12 09:32:35.5153] 
[2026-09-12 09:32:35.5153] > 
[2026-09-12 10:14:56.3164] BIAS set complete.
[2026-09-12 10:14:56.3164] 
[2026-09-12 10:14:56.3164] > 
[2026-09-12 10:14:56.3396] EP set complete.
[2026-09-12 10:14:56.3445] 
[2026-09-12 10:14:56.3445] > 
[2026-09-12 10:14:58.6171] Start error : -3
[2026-09-12 10:14:58.6171] 
[2026-09-12 10:14:58.6171] > 
[2026-09-12 10:15:09.4888] Stop complete. result:0
[2026-09-12 10:15:09.4898] 
[2026-09-12 10:15:09.4898] > 
[2026-09-12 10:15:13.6776] Stop error : -7
[2026-09-12 10:15:13.6776] 
[2026-09-12 10:15:13.6776] > 
[2026-09-12 10:15:15.0098] BIAS set complete.
[2026-09-12 10:15:15.0108] 
[2026-09-12 10:15:15.0108] > 
[2026-09-12 10:15:15.0159] EP set complete.
[2026-09-12 10:15:15.0169] 
[2026-09-12 10:15:15.0169] > 
