[2026-09-12 10:16:08.4204] BIAS set complete.
[2026-09-12 10:16:08.4269] 
[2026-09-12 10:16:08.4269] > 
[2026-09-12 10:16:08.4460] EP set complete.
[2026-09-12 10:16:08.4460] 
[2026-09-12 10:16:08.4460] > 
[2026-09-12 10:16:12.8202] Start complete. result:0
[2026-09-12 10:16:12.8202] 
[2026-09-12 10:16:12.8202] > 
[2026-09-12 10:16:40.4133] Setting change : 0
[2026-09-12 10:16:40.4133] 
[2026-09-12 10:16:40.4133] > 
[2026-09-12 10:16:40.4201] Setting change : 0
[2026-09-12 10:16:40.4201] 
[2026-09-12 10:16:40.4201] > 
[2026-09-12 10:16:40.4278] Setting change : 0
[2026-09-12 10:16:40.4278] 
[2026-09-12 10:16:40.4278] > 
[2026-09-12 10:16:40.4340] Setting change : 0
[2026-09-12 10:16:40.4350] 
[2026-09-12 10:16:40.4350] > 
[2026-09-12 10:16:40.4422] Setting change : 0
[2026-09-12 10:16:40.4422] 
[2026-09-12 10:16:40.4422] > 
[2026-09-12 10:16:40.4482] Setting change : 0
[2026-09-12 10:16:40.4492] 
[2026-09-12 10:16:40.4492] > 
[2026-09-12 10:16:40.4560] Setting change : 0
[2026-09-12 10:16:40.4560] 
[2026-09-12 10:16:40.4560] > 
[2026-09-12 10:16:40.4649] Setting change : 0
[2026-09-12 10:16:40.4649] 
[2026-09-12 10:16:40.4649] > 
[2026-09-12 10:16:40.4803] Setting change : 0
[2026-09-12 10:16:40.4803] 
[2026-09-12 10:16:40.4803] > 
[2026-09-12 10:16:40.4878] Setting change : 0
[2026-09-12 10:16:40.4888] 
[2026-09-12 10:16:40.4888] > 
[2026-09-12 10:16:40.4966] Setting change : 0
[2026-09-12 10:16:40.4966] 
[2026-09-12 10:16:40.4966] > 
[2026-09-12 10:16:40.5048] Setting change : 0
[2026-09-12 10:16:40.5053] 
[2026-09-12 10:16:40.5053] > 
[2026-09-12 10:16:40.5133] Setting change : 0
[2026-09-12 10:16:40.5133] 
[2026-09-12 10:16:40.5133] > 
[2026-09-12 10:16:40.5211] Setting change : 0
[2026-09-12 10:16:40.5211] 
[2026-09-12 10:16:40.5211] > 
[2026-09-12 10:16:40.5292] Setting change : 0
[2026-09-12 10:16:40.5305] 
[2026-09-12 10:16:40.5305] > 
[2026-09-12 10:16:40.5370] Setting change : 0
[2026-09-12 10:16:40.5370] 
[2026-09-12 10:16:40.5370] > 
[2026-09-12 10:16:40.5433] Setting change : 0
[2026-09-12 10:16:40.5433] 
[2026-09-12 10:16:40.5433] > 
[2026-09-12 10:16:40.5518] Setting change : 0
[2026-09-12 10:16:40.5518] 
[2026-09-12 10:16:40.5518] > 
[2026-09-12 10:16:40.5601] Setting change : 0
[2026-09-12 10:16:40.5601] 
[2026-09-12 10:16:40.5601] > 
[2026-09-12 10:16:40.5687] Setting change : 0
[2026-09-12 10:16:40.5697] 
[2026-09-12 10:16:40.5697] > 
[2026-09-12 10:16:40.5770] Setting change : 0
[2026-09-12 10:16:40.5770] 
[2026-09-12 10:16:40.5770] > 
[2026-09-12 10:16:40.5848] Setting change : 0
[2026-09-12 10:16:40.5848] 
[2026-09-12 10:16:40.5848] > 
[2026-09-12 10:16:40.5912] Setting change : 0
[2026-09-12 10:16:40.5912] 
[2026-09-12 10:16:40.5912] > 
[2026-09-12 10:16:40.5998] Setting change : 0
[2026-09-12 10:16:40.5998] 
[2026-09-12 10:16:40.5998] > 
[2026-09-12 10:16:40.6071] Setting change : 0
[2026-09-12 10:16:40.6071] 
[2026-09-12 10:16:40.6071] > 
[2026-09-12 10:16:40.6151] Setting change : 0
[2026-09-12 10:16:40.6151] 
[2026-09-12 10:16:40.6151] > 
[2026-09-12 10:16:40.6216] Setting change : 0
[2026-09-12 10:16:40.6216] 
[2026-09-12 10:16:40.6216] > 
[2026-09-12 10:16:40.6293] Setting change : 0
[2026-09-12 10:16:40.6293] 
[2026-09-12 10:16:40.6293] > 
[2026-09-12 10:16:40.6361] Setting change : 0
[2026-09-12 10:16:40.6361] 
[2026-09-12 10:16:40.6361] > 
[2026-09-12 10:16:40.6429] Setting change : 0
[2026-09-12 10:16:40.6429] 
[2026-09-12 10:16:40.6429] > 
[2026-09-12 10:16:40.6609] Setting change : 0
[2026-09-12 10:16:40.6609] 
[2026-09-12 10:16:40.6609] > 
[2026-09-12 10:16:40.6675] Setting change : 0
[2026-09-12 10:16:40.6675] 
[2026-09-12 10:16:40.6675] > 
[2026-09-12 10:16:40.6747] Setting change : 0
[2026-09-12 10:16:40.6747] 
[2026-09-12 10:16:40.6747] > 
[2026-09-12 10:16:40.6820] Setting change : 0
[2026-09-12 10:16:40.6820] 
[2026-09-12 10:16:40.6820] > 
[2026-09-12 10:16:40.6893] Setting change : 0
[2026-09-12 10:16:40.6893] 
[2026-09-12 10:16:40.6893] > 
[2026-09-12 10:16:40.6978] Setting change : 0
[2026-09-12 10:16:40.6978] 
[2026-09-12 10:16:40.6978] > 
[2026-09-12 10:16:40.7055] Setting change : 0
[2026-09-12 10:16:40.7061] 
[2026-09-12 10:16:40.7061] > 
[2026-09-12 10:16:40.7126] Setting change : 0
[2026-09-12 10:16:40.7136] 
[2026-09-12 10:16:40.7136] > 
[2026-09-12 10:16:44.2002] BIAS set complete.
[2026-09-12 10:16:44.2002] 
[2026-09-12 10:16:44.2002] > 
[2026-09-12 10:16:44.2064] EP set complete.
[2026-09-12 10:16:44.2064] 
[2026-09-12 10:16:44.2064] > 
[2026-09-12 10:16:49.6875] Start error : -3
[2026-09-12 10:16:49.6875] 
[2026-09-12 10:16:49.6875] > 
[2026-09-12 10:17:00.8955] BIAS set complete.
[2026-09-12 10:17:00.8955] 
[2026-09-12 10:17:00.8955] > 
[2026-09-12 10:17:02.8508] BIAS set complete.
[2026-09-12 10:17:02.8508] 
[2026-09-12 10:17:02.8508] > 
[2026-09-12 10:17:02.8558] EP set complete.
[2026-09-12 10:17:02.8558] 
[2026-09-12 10:17:02.8558] > 
